[PHP Modules]
bcmath
bz2
calendar
Core
ctype
curl
date
dom
exif
fileinfo
filter
ftp
gd
gettext
hash
iconv
igbinary
imagick
intl
json
libxml
mbstring
memcached
mongodb
msgpack
mysqli
mysqlnd
openssl
pcre
PDO
pdo_mysql
pdo_pgsql
pdo_sqlite
pgsql
Phar
psr
redis
Reflection
session
SimpleXML
soap
sodium
SPL
sqlite3
standard
tokenizer
xml
xmlrpc
xmlwriter
yaml
Zend OPcache
zip
zlib

[Zend Modules]
Zend OPcache
